// Vitest Snapshot v1, https://vitest.dev/guide/snapshot.html

exports[`Snapshot > matches the PumpOpenDesignView Engineering AI section snapshot when ready 1`] = `
<div
  class="pump-workspace-detail"
>
  <div
    class="ltsa-open-design"
    data-testid="pump-open-design"
  >
    <div
      class="workspace-identity-shell"
    >
      <button
        class="workspace-back-link"
        type="button"
      >
        ‹ 
        Back to Dashboard
      </button>
      <div
        class="workspace-identity-row"
      >
        <div
          class="workspace-identity-main"
        >
          <div
            class="workspace-identity-icon"
          >
            <svg
              fill="none"
              stroke="currentColor"
              stroke-linecap="round"
              stroke-linejoin="round"
              stroke-width="1.6"
              viewBox="0 0 24 24"
            >
              <path
                d="M14.7 6.3a4 4 0 0 0-5.4 5.4L3 18l3 3 6.3-6.3a4 4 0 0 0 5.4-5.4l-2.6 2.6-2-2z"
              />
            </svg>
          </div>
          <div>
            <h1
              class="workspace-identity-tag"
            >
              305-P-2
            </h1>
            <p
              class="workspace-identity-subtitle"
            >
              Cooling Water Circulation Pump
              <span
                class="workspace-identity-subtitle-sep"
              >
                 · 
                Located in Utilities
              </span>
            </p>
          </div>
        </div>
        <div
          class="workspace-health-cards"
        >
          <div
            class="workspace-health-card tone-normal"
          >
            <span
              class="workspace-health-card-label"
            >
              Status
            </span>
            <strong
              class="workspace-health-card-value"
            >
              Running
            </strong>
          </div>
          <div
            class="workspace-health-card tone-attention"
          >
            <span
              class="workspace-health-card-label"
            >
              Criticality
            </span>
            <strong
              class="workspace-health-card-value"
            >
              Medium
            </strong>
          </div>
        </div>
      </div>
    </div>
    <div
      class="workspace-tab-strip"
      role="tablist"
    >
      <button
        aria-selected="false"
        class="workspace-tab"
        role="tab"
        type="button"
      >
        Overview
      </button>
      <button
        aria-selected="true"
        class="workspace-tab is-active"
        role="tab"
        type="button"
      >
        Performance
      </button>
      <button
        aria-selected="false"
        class="workspace-tab"
        role="tab"
        type="button"
      >
        Asset360
      </button>
      <button
        aria-selected="false"
        class="workspace-tab"
        role="tab"
        type="button"
      >
        Documents
      </button>
      <button
        aria-selected="false"
        class="workspace-tab"
        role="tab"
        type="button"
      >
        History
      </button>
    </div>
    <div
      class="workspace-tab-body"
    >
      <section
        class="assessment-section"
        data-od-id="current-status-section"
      >
        <span
          class="eyebrow"
        >
          Current Status
        </span>
        <div
          class="info-panel"
          style="margin-top: var(--space-3);"
        >
          <div
            class="info-row"
          >
            <span
              class="k"
            >
              Last PM
            </span>
            <span
              class="v"
            >
              Not Available
            </span>
          </div>
          <div
            class="info-row"
          >
            <span
              class="k"
            >
              Next PM
            </span>
            <span
              class="v"
            >
              Not Available
            </span>
          </div>
          <div
            class="info-row"
          >
            <span
              class="k"
            >
              Last CM
            </span>
            <span
              class="v"
            >
              Not Available
            </span>
          </div>
          <div
            class="info-row"
          >
            <span
              class="k"
            >
              Last Failure
            </span>
            <span
              class="v"
            >
              Not Available
            </span>
          </div>
        </div>
      </section>
      <section
        class="assessment-section"
        data-od-id="analytics-section"
      >
        <span
          class="eyebrow"
        >
          Analytics
        </span>
        <div
          class="info-panel"
          style="margin-top: var(--space-3);"
        >
          <div
            class="info-row"
          >
            <span
              class="k"
            >
              Elapsed Service Days
            </span>
            <span
              class="v"
            >
              Not Available
            </span>
          </div>
          <div
            class="info-row"
          >
            <span
              class="k"
            >
              PM Count
            </span>
            <span
              class="v"
            >
              0
            </span>
          </div>
          <div
            class="info-row"
          >
            <span
              class="k"
            >
              CM Count
            </span>
            <span
              class="v"
            >
              0
            </span>
          </div>
          <div
            class="info-row"
          >
            <span
              class="k"
            >
              Failure Count
            </span>
            <span
              class="v"
            >
              0
            </span>
          </div>
          <div
            class="info-row"
          >
            <span
              class="k"
            >
              MTBF
            </span>
            <span
              class="v"
            >
              Not Available
            </span>
          </div>
          <div
            class="info-row"
          >
            <span
              class="k"
            >
              MTBR
            </span>
            <span
              class="v"
            >
              Not Available
            </span>
          </div>
          <div
            class="info-row"
          >
            <span
              class="k"
            >
              Average Seal Life
            </span>
            <span
              class="v"
            >
              Not Available
            </span>
          </div>
          <div
            class="info-row"
          >
            <span
              class="k"
            >
              Health Index
            </span>
            <span
              class="v"
            >
              Not Available
            </span>
          </div>
          <div
            class="info-row"
          >
            <span
              class="k"
            >
              Availability
            </span>
            <span
              class="v"
            >
              Not Available
            </span>
          </div>
          <div
            class="info-row"
          >
            <span
              class="k"
            >
              Reliability
            </span>
            <span
              class="v"
            >
              Not Available
            </span>
          </div>
          <div
            class="info-row"
          >
            <span
              class="k"
            >
              Open Work Orders
            </span>
            <span
              class="v"
            >
              0
            </span>
          </div>
        </div>
      </section>
      <section
        class="assessment-section"
        data-od-id="engineering-ai-section"
      >
        <span
          class="eyebrow"
        >
          Engineering AI
        </span>
        <div
          class="info-panel"
          style="margin-top: var(--space-3);"
        >
          <span
            class="status-signal normal"
          >
            SUCCESS
          </span>
          <p
            class="v"
          >
            Pump 305-P-2 is operating within normal parameters.
          </p>
          <div
            class="info-row"
          >
            <span
              class="k"
            >
              Provider
            </span>
            <span
              class="v"
            >
              CLAUDE
            </span>
          </div>
          <div
            class="info-row"
          >
            <span
              class="k"
            >
              Latency
            </span>
            <span
              class="v"
            >
              842 ms
            </span>
          </div>
          <div
            class="info-row"
          >
            <span
              class="k"
            >
              Trace ID
            </span>
            <span
              class="v"
            >
              trace-pump-001
            </span>
          </div>
          <div
            class="info-row"
          >
            <span
              class="k"
            >
              Confidence
            </span>
            <span
              class="v"
            >
              77%
            </span>
          </div>
          <div
            class="info-row"
          >
            <span
              class="k"
            >
              Risk
            </span>
            <span
              class="v"
            >
              LOW
            </span>
          </div>
          <div
            class="info-row"
          >
            <span
              class="k"
            >
              Remaining Life
            </span>
            <span
              class="v"
            >
              180 days
            </span>
          </div>
        </div>
      </section>
      <section
        class="assessment-section"
        data-testid="ai-findings"
      >
        <div
          class="section-head"
        >
          <h2>
            Engineering Findings
          </h2>
        </div>
        <div
          class="info-row"
        >
          <span
            class="v"
          >
            No abnormal vibration trend over the last 30 days.
          </span>
        </div>
      </section>
      <section
        class="assessment-section"
        data-testid="ai-evidence"
      >
        <div
          class="section-head"
        >
          <h2>
            Evidence Strip
          </h2>
        </div>
        <div
          class="info-row"
        >
          <span
            class="v"
          >
            CMON-1001
          </span>
        </div>
      </section>
      <section
        class="assessment-section"
        data-testid="ai-recommendation"
      >
        <div
          class="section-head"
        >
          <h2>
            Recommendation
          </h2>
        </div>
        <div
          class="info-row"
        >
          <span
            class="v"
          >
            Continue routine monitoring.
          </span>
        </div>
      </section>
      <section
        class="rail-section"
        data-testid="ai-source-references"
      >
        <h3>
          Source References
        </h3>
        <div
          class="info-row"
        >
          <span
            class="v"
          >
            CMON-1001
          </span>
        </div>
      </section>
    </div>
    <div
      class="drawer-overlay"
      data-open="false"
    />
    <div
      aria-label="Pump Drawing"
      class="drawer"
      data-open="false"
      role="dialog"
    >
      <div
        class="drawer-head"
      >
        <h3
          class="drawer-title"
        >
          Pump Drawing
        </h3>
        <button
          aria-label="Close"
          class="icon-btn"
          data-od-id="drawer-close"
          type="button"
        >
          <svg
            fill="none"
            height="16"
            stroke="currentColor"
            stroke-linecap="round"
            stroke-linejoin="round"
            stroke-width="1.6"
            viewBox="0 0 24 24"
            width="16"
          >
            <path
              d="M18 6 6 18M6 6l12 12"
            />
          </svg>
        </button>
      </div>
      <div
        class="drawer-body"
      >
        <div
          class="drawing-thumb"
        />
        <p>
          No drawing data available. Drawing Workspace does not yet have a backend.
        </p>
      </div>
    </div>
  </div>
</div>
`;
